<html>
<body>
<pre>
<h1>µVision Build Log</h1>
<h2>Project:</h2>
C:\Users\OAkun\Desktop\PersonalProject\TM4C123GXL_Project\TicTacToe.uvproj
Project File Date:  06/11/2020

<h2>Output:</h2>
Rebuild target 'Target 1'
compiling main.c...
initGPIO.h(21): warning:  #1-D: last line of file ends without a newline
   #endif 
TicTacToe.h(62): warning:  #1295-D: Deprecated declaration MakeAIMove - give arg types
  int MakeAIMove();
TicTacToe.h(64): warning:  #1295-D: Deprecated declaration AvailableWin - give arg types
  bool AvailableWin();
TicTacToe.h(66): warning:  #1295-D: Deprecated declaration AvailableBlock - give arg types
  bool AvailableBlock();
TicTacToe.h(68): warning:  #1295-D: Deprecated declaration AvailableFork - give arg types
  bool AvailableFork();
TicTacToe.h(70): warning:  #1295-D: Deprecated declaration BlockFork - give arg types
  bool BlockFork();
TicTacToe.h(72): warning:  #1295-D: Deprecated declaration AvailableCenter - give arg types
  bool AvailableCenter();
TicTacToe.h(74): warning:  #1295-D: Deprecated declaration AvailableOppositeCorner - give arg types
  bool AvailableOppositeCorner();
TicTacToe.h(76): warning:  #1295-D: Deprecated declaration AvailableEmptyCorner - give arg types
  bool AvailableEmptyCorner();
TicTacToe.h(78): warning:  #1295-D: Deprecated declaration AvailableEmptySide - give arg types
  bool AvailableEmptySide();
TicTacToe.h(82): warning:  #1-D: last line of file ends without a newline
  #endif
main.c: 11 warnings, 0 errors
assembling startup.s...
compiling initGPIO.c...
initGPIO.h(21): warning:  #1-D: last line of file ends without a newline
   #endif 
initGPIO.c: 1 warning, 0 errors
compiling TicTacToe.c...
TicTacToe.h(62): warning:  #1295-D: Deprecated declaration MakeAIMove - give arg types
  int MakeAIMove();
TicTacToe.h(64): warning:  #1295-D: Deprecated declaration AvailableWin - give arg types
  bool AvailableWin();
TicTacToe.h(66): warning:  #1295-D: Deprecated declaration AvailableBlock - give arg types
  bool AvailableBlock();
TicTacToe.h(68): warning:  #1295-D: Deprecated declaration AvailableFork - give arg types
  bool AvailableFork();
TicTacToe.h(70): warning:  #1295-D: Deprecated declaration BlockFork - give arg types
  bool BlockFork();
TicTacToe.h(72): warning:  #1295-D: Deprecated declaration AvailableCenter - give arg types
  bool AvailableCenter();
TicTacToe.h(74): warning:  #1295-D: Deprecated declaration AvailableOppositeCorner - give arg types
  bool AvailableOppositeCorner();
TicTacToe.h(76): warning:  #1295-D: Deprecated declaration AvailableEmptyCorner - give arg types
  bool AvailableEmptyCorner();
TicTacToe.h(78): warning:  #1295-D: Deprecated declaration AvailableEmptySide - give arg types
  bool AvailableEmptySide();
TicTacToe.h(82): warning:  #1-D: last line of file ends without a newline
  #endif
TicTacToe.c: 10 warnings, 0 errors
compiling ST7735.c...
compiling PLL.c...
linking...
Program Size: Code=11612 RO-data=2116 RW-data=68 ZI-data=1228  
".\TicTacToe.axf" - 0 Error(s), 22 Warning(s).
Load "C:\\Users\\OAkun\\Desktop\\PersonalProject\\TM4C123GXL_Project\\TicTacToe.axf" 
Connecting: Mode=JTAG, Speed=1000000Hz
Erase Done.
Programming Done.
Verify OK.
</pre>
</body>
</html>
